// Jest Snapshot v1, https://goo.gl/fbAQLP

exports[`compile compile code correctly 1`] = `
Object {
  "default": Object {
    "asyncFunc": [Function],
    "boolean": true,
    "func": [Function],
    "jsx": [Function],
  },
}
`;
